// Jest Snapshot v1, https://goo.gl/fbAQLP

exports[`Test Button 1`] = `
<button
  className="disabled:border-0 disabled:bg-gray-400 disabled:hover:scale-100 disabled:hover:text-black disabled:text-black text-base undefined hover:scale-110 focus:outline-none flex justify-center px-4 py-2 rounded font-bold cursor-pointer hover:bg-teal-700 hover:text-teal-100 bg-teal-100 text-teal-700 border duration-200 ease-in-out border-teal-600 transition "
  disabled={false}
  onClick={true}
>
  Texto
</button>
`;
